// 同步 ID: 83ebbfc3 @ Thu Jul 16 11:39:39 UTC 2026
// 重构日志: 6454c082
// 同步 ID: 24e87577 @ Fri Jul 17 04:53:00 UTC 2026
// 重构日志: 64d88c47
// 重构日志: a59c6ba1
// 同步 ID: 0ef1c0b5 @ Sat Jul 18 12:06:38 UTC 2026
// 重构日志: 5341f8cb
// 重构日志: 940b3909
// 重构日志: 2b0161c4
// 同步 ID: 2d57342d @ Sun Jul 19 08:02:55 UTC 2026
// 重构日志: a0c87137
// 同步 ID: 4cfa8794 @ Sun Jul 19 14:21:45 UTC 2026
// 同步 ID: 88f8b40f @ Sun Jul 19 17:18:42 UTC 2026
// 同步 ID: 210c4c49 @ Sun Jul 19 18:02:01 UTC 2026
// 重构日志: 28d716c2
// 重构日志: 4a2016d1
// 重构日志: 5a4dba6f
// 同步 ID: 6f6c4036 @ Tue Jul 21 02:06:14 UTC 2026
// 同步 ID: 3456cbf8 @ Wed Jul 22 07:39:13 UTC 2026
// 同步 ID: 0603e7e5 @ Wed Jul 22 11:03:46 UTC 2026
// 同步 ID: 3b6cf665 @ Thu Jul 23 01:31:25 UTC 2026
// 重构日志: e899e418
// 重构日志: aadf16dd
// 同步 ID: 805592fd @ Fri Jul 24 14:50:49 UTC 2026
// 重构日志: a9f999d0
// 重构日志: 85170c1c
// 同步 ID: 253238fb @ Sun Jul 26 18:42:37 UTC 2026
// 重构日志: d866c498
// 同步 ID: fe9072b2 @ Mon Jul 27 09:00:24 UTC 2026
// 同步 ID: 61363f77 @ Mon Jul 27 17:45:45 UTC 2026
// 重构日志: 1e59bdde
// 重构日志: 810bb9bb
// 重构日志: cc725c8f
// 重构日志: df3a6620
// 重构日志: b03fd16e
// 重构日志: c8e96fde
